
sameeksha03@DESKTOP-965QKSJ:~$ ssh -i ./key hacker@dojo.pwn.college
Connected!
hacker@paths~position-elsewhere:~$ cd
hacker@paths~position-elsewhere:~$ /
ssh-entrypoint: /: Is a directory
hacker@paths~position-elsewhere:~$ cd/
ssh-entrypoint: cd/: No such file or directory
hacker@paths~position-elsewhere:~$ /challenge/run
Incorrect...
You are not currently in the /proc/67 directory.
Please use the `cd` utility to change directory appropriately.
hacker@paths~position-elsewhere:~$ cd /proc/67
hacker@paths~position-elsewhere:/proc/67$ /challenge/run
Correct!!!
/challenge/run is an absolute path, invoked from the right directory!
Here is your flag:
pwn.college{8CT151OMtf01i0JVdZaPMlCEuN0.ddDN1QDL5MTM1czW}
